HIP devices: 15
LOCAL PASS device=0 bdf=0000:76:00.0 memory=206141652992 CUs=304
LOCAL PASS device=1 bdf=0000:06:00.0 memory=206141652992 CUs=304
LOCAL PASS device=2 bdf=0000:66:00.0 memory=206141652992 CUs=304
LOCAL PASS device=3 bdf=0000:16:00.0 memory=206141652992 CUs=304
LOCAL PASS device=4 bdf=0000:f6:00.0 memory=25769803776 CUs=38
LOCAL PASS device=5 bdf=0000:f6:00.1 memory=25769803776 CUs=38
LOCAL PASS device=6 bdf=0000:f6:00.2 memory=25769803776 CUs=38
LOCAL PASS device=7 bdf=0000:f6:00.3 memory=25769803776 CUs=38
LOCAL PASS device=8 bdf=0000:f6:00.4 memory=25769803776 CUs=38
LOCAL PASS device=9 bdf=0000:f6:00.5 memory=25769803776 CUs=38
LOCAL PASS device=10 bdf=0000:f6:00.6 memory=25761415168 CUs=38
LOCAL PASS device=11 bdf=0000:f6:00.7 memory=25761415168 CUs=38
LOCAL PASS device=12 bdf=0000:86:00.0 memory=206141652992 CUs=304
LOCAL PASS device=13 bdf=0000:e6:00.0 memory=206141652992 CUs=304
LOCAL PASS device=14 bdf=0000:96:00.0 memory=206141652992 CUs=304
PEER PASS directed_pairs=98 unsupported_pairs=0 excluded_cross_group_pairs=112 bytes_per_pair=4194304
CONCURRENT PASS device=5 rounds=48097
CONCURRENT PASS device=7 rounds=48192
CONCURRENT PASS device=4 rounds=48252
CONCURRENT PASS device=9 rounds=48171
CONCURRENT PASS device=8 rounds=47916
CONCURRENT PASS device=6 rounds=48422
CONCURRENT PASS device=11 rounds=47907
CONCURRENT PASS device=2 rounds=60434
CONCURRENT PASS device=10 rounds=47900
CONCURRENT PASS device=12 rounds=58198
CONCURRENT PASS device=13 rounds=59887
CONCURRENT PASS device=14 rounds=57711
CONCURRENT PASS device=0 rounds=57449
CONCURRENT PASS device=3 rounds=56887
CONCURRENT PASS device=1 rounds=56827
ALL CHECKS PASSED
